\BOOKMARK [1][-]{Item.12}{\376\377\000B\000A\000B\000\040\0001\000\040\000-\000\040\000P\000E\000N\000D\000A\000H\000U\000L\000U\000A\000N}{}% 1
\BOOKMARK [2][-]{subsection.1.1}{\376\377\000L\000a\000t\000a\000r\000\040\000B\000e\000l\000a\000k\000a\000n\000g\000\040\000P\000e\000n\000e\000l\000i\000t\000i\000a\000n}{Item.12}% 2
\BOOKMARK [2][-]{subsection.1.2}{\376\377\000I\000d\000e\000n\000t\000i\000f\000i\000k\000a\000s\000i\000\040\000M\000a\000s\000a\000l\000a\000h}{Item.12}% 3
\BOOKMARK [2][-]{subsection.1.3}{\376\377\000P\000e\000m\000b\000a\000t\000a\000s\000a\000n\000\040\000M\000a\000s\000a\000l\000a\000h}{Item.12}% 4
\BOOKMARK [2][-]{subsection.1.4}{\376\377\000P\000e\000r\000u\000m\000u\000s\000a\000n\000\040\000M\000a\000s\000a\000l\000a\000h}{Item.12}% 5
\BOOKMARK [2][-]{subsection.1.5}{\376\377\000T\000u\000j\000u\000a\000n\000\040\000P\000e\000n\000e\000l\000i\000t\000i\000a\000n}{Item.12}% 6
\BOOKMARK [2][-]{subsection.1.6}{\376\377\000M\000a\000n\000f\000a\000a\000t\000\040\000P\000e\000n\000e\000l\000i\000t\000i\000a\000n}{Item.12}% 7
\BOOKMARK [3][-]{subsubsection.1.6.1}{\376\377\0001\000.\000\040\000M\000a\000n\000f\000a\000a\000t\000\040\000T\000e\000o\000r\000e\000t\000i\000s\000\040\000\050\000A\000s\000p\000e\000k\000\040\000A\000k\000a\000d\000e\000m\000i\000s\000\051}{subsection.1.6}% 8
\BOOKMARK [3][-]{subsubsection.1.6.2}{\376\377\0002\000.\000\040\000M\000a\000n\000f\000a\000a\000t\000\040\000P\000r\000a\000k\000t\000i\000s\000\040\000\050\000A\000s\000p\000e\000k\000\040\000T\000e\000r\000a\000p\000a\000n\000\051}{subsection.1.6}% 9
\BOOKMARK [2][-]{subsection.1.7}{\376\377\000S\000i\000s\000t\000e\000m\000a\000t\000i\000k\000a\000\040\000P\000e\000n\000u\000l\000i\000s\000a\000n\000\040\000S\000k\000r\000i\000p\000s\000i}{Item.12}% 10
\BOOKMARK [1][-]{subsection.1.7}{\376\377\000B\000A\000B\000\040\0002\000\040\000-\000\040\000T\000I\000N\000J\000A\000U\000A\000N\000\040\000P\000U\000S\000T\000A\000K\000A\000\040\000D\000A\000N\000\040\000P\000E\000N\000G\000E\000M\000B\000A\000N\000G\000A\000N\000\040\000H\000I\000P\000O\000T\000E\000S\000I\000S}{}% 11
\BOOKMARK [2][-]{subsection.2.1}{\376\377\000L\000a\000n\000d\000a\000s\000a\000n\000\040\000T\000e\000o\000r\000i}{subsection.1.7}% 12
\BOOKMARK [3][-]{subsubsection.2.1.1}{\376\377\000S\000t\000a\000k\000e\000h\000o\000l\000d\000e\000r\000\040\000T\000h\000e\000o\000r\000y\000\040\000\050\000T\000e\000o\000r\000i\000\040\000P\000e\000m\000a\000n\000g\000k\000u\000\040\000K\000e\000p\000e\000n\000t\000i\000n\000g\000a\000n\000\051}{subsection.2.1}% 13
\BOOKMARK [3][-]{subsubsection.2.1.2}{\376\377\000L\000e\000g\000i\000t\000i\000m\000a\000c\000y\000\040\000T\000h\000e\000o\000r\000y\000\040\000\050\000T\000e\000o\000r\000i\000\040\000L\000e\000g\000i\000t\000i\000m\000a\000s\000i\000\051}{subsection.2.1}% 14
\BOOKMARK [3][-]{subsubsection.2.1.3}{\376\377\000T\000e\000o\000r\000i\000\040\000I\000n\000t\000e\000r\000m\000e\000d\000i\000a\000s\000i\000\040\000F\000i\000n\000a\000n\000s\000i\000a\000l\000\040\000\050\000F\000i\000n\000a\000n\000c\000i\000a\000l\000\040\000I\000n\000t\000e\000r\000m\000e\000d\000i\000a\000t\000i\000o\000n\000\040\000T\000h\000e\000o\000r\000y\000\051}{subsection.2.1}% 15
\BOOKMARK [3][-]{subsubsection.2.1.4}{\376\377\000R\000e\000s\000o\000u\000r\000c\000e\000-\000B\000a\000s\000e\000d\000\040\000V\000i\000e\000w\000\040\000\050\000R\000B\000V\000\051\000\040\000d\000a\000n\000\040\000N\000a\000t\000u\000r\000a\000l\000\040\000R\000e\000s\000o\000u\000r\000c\000e\000-\000B\000a\000s\000e\000d\000\040\000V\000i\000e\000w\000\040\000\050\000N\000R\000B\000V\000\051}{subsection.2.1}% 16
\BOOKMARK [3][-]{subsubsection.2.1.5}{\376\377\000R\000i\000s\000k\000-\000R\000e\000t\000u\000r\000n\000\040\000T\000r\000a\000d\000e\000o\000f\000f\000\040\000T\000h\000e\000o\000r\000y}{subsection.2.1}% 17
\BOOKMARK [3][-]{subsubsection.2.1.6}{\376\377\000A\000g\000e\000n\000c\000y\000\040\000T\000h\000e\000o\000r\000y\000\040\000\050\000T\000e\000o\000r\000i\000\040\000K\000e\000a\000g\000e\000n\000a\000n\000\051\000\040\000d\000a\000n\000\040\000S\000i\000g\000n\000a\000l\000i\000n\000g\000\040\000T\000h\000e\000o\000r\000y}{subsection.2.1}% 18
\BOOKMARK [2][-]{subsection.2.2}{\376\377\000K\000o\000n\000s\000e\000p\000t\000u\000a\000l\000i\000s\000a\000s\000i\000\040\000V\000a\000r\000i\000a\000b\000e\000l\000\040\000P\000e\000n\000e\000l\000i\000t\000i\000a\000n}{subsection.1.7}% 19
\BOOKMARK [3][-]{subsubsection.2.2.1}{\376\377\000P\000r\000o\000f\000i\000t\000a\000b\000i\000l\000i\000t\000a\000s\000\040\000P\000e\000r\000b\000a\000n\000k\000a\000n\000\040\000d\000a\000n\000\040\000R\000e\000t\000u\000r\000n\000\040\000o\000n\000\040\000A\000s\000s\000e\000t\000s\000\040\000\050\000R\000O\000A\000\051}{subsection.2.2}% 20
\BOOKMARK [3][-]{subsubsection.2.2.2}{\376\377\000P\000o\000r\000t\000o\000f\000o\000l\000i\000o\000\040\000K\000r\000e\000d\000i\000t\000\040\000H\000i\000j\000a\000u\000\040\000\050\000G\000r\000e\000e\000n\000\040\000F\000i\000n\000a\000n\000c\000i\000n\000g\000\051}{subsection.2.2}% 21
\BOOKMARK [3][-]{subsubsection.2.2.3}{\376\377\000R\000i\000s\000i\000k\000o\000\040\000K\000r\000e\000d\000i\000t\000\040\000d\000a\000n\000\040\000N\000o\000n\000-\000P\000e\000r\000f\000o\000r\000m\000i\000n\000g\000\040\000L\000o\000a\000n\000\040\000\050\000N\000P\000L\000\051}{subsection.2.2}% 22
\BOOKMARK [3][-]{subsubsection.2.2.4}{\376\377\000A\000n\000a\000l\000i\000s\000i\000s\000\040\000K\000u\000a\000l\000i\000t\000a\000s\000\040\000A\000s\000e\000t\000,\000\040\000K\000o\000l\000e\000k\000t\000i\000b\000i\000l\000i\000t\000a\000s\000,\000\040\000d\000a\000n\000\040\000I\000m\000p\000l\000e\000m\000e\000n\000t\000a\000s\000i\000\040\000P\000S\000A\000K\000\040\0007\0001\000\040\000/\000\040\000I\000F\000R\000S\000\040\0009}{subsection.2.2}% 23
\BOOKMARK [3][-]{subsubsection.2.2.5}{\376\377\000K\000e\000c\000u\000k\000u\000p\000a\000n\000\040\000M\000o\000d\000a\000l\000\040\000d\000a\000n\000\040\000C\000a\000p\000i\000t\000a\000l\000\040\000A\000d\000e\000q\000u\000a\000c\000y\000\040\000R\000a\000t\000i\000o\000\040\000\050\000C\000A\000R\000\051}{subsection.2.2}% 24
\BOOKMARK [3][-]{subsubsection.2.2.6}{\376\377\000I\000n\000t\000e\000g\000r\000a\000s\000i\000\040\000R\000i\000s\000i\000k\000o\000\040\000I\000k\000l\000i\000m\000\040\000F\000i\000s\000i\000k\000\040\000d\000a\000n\000\040\000T\000r\000a\000n\000s\000i\000s\000i\000\040\000k\000e\000\040\000d\000a\000l\000a\000m\000\040\000M\000a\000n\000a\000j\000e\000m\000e\000n\000\040\000R\000i\000s\000i\000k\000o\000\040\000P\000e\000r\000b\000a\000n\000k\000a\000n}{subsection.2.2}% 25
\BOOKMARK [3][-]{subsubsection.2.2.7}{\376\377\000M\000e\000k\000a\000n\000i\000s\000m\000e\000\040\000R\000a\000n\000t\000a\000i\000\040\000T\000r\000a\000n\000s\000m\000i\000s\000i\000\040\000P\000e\000m\000b\000i\000a\000y\000a\000a\000n\000\040\000H\000i\000j\000a\000u\000\040\000t\000e\000r\000h\000a\000d\000a\000p\000\040\000P\000r\000o\000f\000i\000t\000a\000b\000i\000l\000i\000t\000a\000s\000\040\000B\000a\000n\000k}{subsection.2.2}% 26
\BOOKMARK [3][-]{subsubsection.2.2.8}{\376\377\000A\000n\000a\000l\000i\000s\000i\000s\000\040\000K\000o\000m\000p\000a\000r\000a\000t\000i\000f\000\040\000P\000e\000m\000b\000i\000a\000y\000a\000a\000n\000\040\000H\000i\000j\000a\000u\000:\000\040\000N\000e\000g\000a\000r\000a\000\040\000B\000e\000r\000k\000e\000m\000b\000a\000n\000g\000\040\000v\000s\000\040\000N\000e\000g\000a\000r\000a\000\040\000M\000a\000j\000u}{subsection.2.2}% 27
\BOOKMARK [3][-]{subsubsection.2.2.9}{\376\377\000D\000i\000n\000a\000m\000i\000k\000a\000\040\000I\000n\000t\000e\000g\000r\000a\000s\000i\000\040\000E\000S\000G\000\040\000k\000e\000\040\000d\000a\000l\000a\000m\000\040\000P\000e\000n\000i\000l\000a\000i\000a\000n\000\040\000R\000i\000s\000i\000k\000o\000\040\000K\000r\000e\000d\000i\000t\000\040\000P\000e\000r\000b\000a\000n\000k\000a\000n}{subsection.2.2}% 28
\BOOKMARK [2][-]{subsection.2.3}{\376\377\000P\000e\000n\000e\000l\000i\000t\000i\000a\000n\000\040\000T\000e\000r\000d\000a\000h\000u\000l\000u}{subsection.1.7}% 29
\BOOKMARK [2][-]{subsection.2.4}{\376\377\000R\000e\000r\000a\000n\000g\000k\000a\000\040\000P\000e\000m\000i\000k\000i\000r\000a\000n\000\040\000K\000o\000n\000s\000e\000p\000t\000u\000a\000l}{subsection.1.7}% 30
\BOOKMARK [2][-]{subsection.2.5}{\376\377\000P\000e\000n\000g\000e\000m\000b\000a\000n\000g\000a\000n\000\040\000H\000i\000p\000o\000t\000e\000s\000i\000s\000\040\000P\000e\000n\000e\000l\000i\000t\000i\000a\000n}{subsection.1.7}% 31
\BOOKMARK [3][-]{subsubsection.2.5.1}{\376\377\000P\000e\000n\000g\000a\000r\000u\000h\000\040\000P\000o\000r\000t\000o\000f\000o\000l\000i\000o\000\040\000K\000r\000e\000d\000i\000t\000\040\000H\000i\000j\000a\000u\000\040\000\050\000G\000r\000e\000e\000n\000\040\000F\000i\000n\000a\000n\000c\000i\000n\000g\000\051\000\040\000t\000e\000r\000h\000a\000d\000a\000p\000\040\000P\000r\000o\000f\000i\000t\000a\000b\000i\000l\000i\000t\000a\000s\000\040\000\050\000R\000O\000A\000\051}{subsection.2.5}% 32
\BOOKMARK [3][-]{subsubsection.2.5.2}{\376\377\000P\000e\000n\000g\000a\000r\000u\000h\000\040\000N\000o\000n\000-\000P\000e\000r\000f\000o\000r\000m\000i\000n\000g\000\040\000L\000o\000a\000n\000\040\000\050\000N\000P\000L\000\051\000\040\000t\000e\000r\000h\000a\000d\000a\000p\000\040\000P\000r\000o\000f\000i\000t\000a\000b\000i\000l\000i\000t\000a\000s\000\040\000\050\000R\000O\000A\000\051}{subsection.2.5}% 33
\BOOKMARK [3][-]{subsubsection.2.5.3}{\376\377\000P\000e\000n\000g\000a\000r\000u\000h\000\040\000C\000a\000p\000i\000t\000a\000l\000\040\000A\000d\000e\000q\000u\000a\000c\000y\000\040\000R\000a\000t\000i\000o\000\040\000\050\000C\000A\000R\000\051\000\040\000t\000e\000r\000h\000a\000d\000a\000p\000\040\000P\000r\000o\000f\000i\000t\000a\000b\000i\000l\000i\000t\000a\000s\000\040\000\050\000R\000O\000A\000\051}{subsection.2.5}% 34
\BOOKMARK [3][-]{subsubsection.2.5.4}{\376\377\000P\000e\000n\000g\000a\000r\000u\000h\000\040\000S\000i\000m\000u\000l\000t\000a\000n\000\040\000G\000r\000e\000e\000n\000\040\000F\000i\000n\000a\000n\000c\000i\000n\000g\000,\000\040\000N\000P\000L\000,\000\040\000d\000a\000n\000\040\000C\000A\000R\000\040\000t\000e\000r\000h\000a\000d\000a\000p\000\040\000P\000r\000o\000f\000i\000t\000a\000b\000i\000l\000i\000t\000a\000s\000\040\000\050\000R\000O\000A\000\051}{subsection.2.5}% 35
\BOOKMARK [1][-]{subsubsection.2.5.4}{\376\377\000B\000A\000B\000\040\0003\000\040\000-\000\040\000M\000E\000T\000O\000D\000E\000\040\000P\000E\000N\000E\000L\000I\000T\000I\000A\000N}{}% 36
\BOOKMARK [2][-]{subsection.3.1}{\376\377\000D\000e\000s\000a\000i\000n\000\040\000P\000e\000n\000e\000l\000i\000t\000i\000a\000n\000\040\000d\000a\000n\000\040\000P\000a\000r\000a\000d\000i\000g\000m\000a\000\040\000K\000e\000i\000l\000m\000u\000a\000n}{subsubsection.2.5.4}% 37
\BOOKMARK [2][-]{subsection.3.2}{\376\377\000P\000o\000p\000u\000l\000a\000s\000i\000,\000\040\000S\000a\000m\000p\000e\000l\000,\000\040\000d\000a\000n\000\040\000T\000e\000k\000n\000i\000k\000\040\000P\000e\000n\000g\000a\000m\000b\000i\000l\000a\000n\000\040\000S\000a\000m\000p\000e\000l}{subsubsection.2.5.4}% 38
\BOOKMARK [3][-]{subsubsection.3.2.1}{\376\377\000P\000o\000p\000u\000l\000a\000s\000i\000\040\000P\000e\000n\000e\000l\000i\000t\000i\000a\000n}{subsection.3.2}% 39
\BOOKMARK [3][-]{subsubsection.3.2.2}{\376\377\000T\000e\000k\000n\000i\000k\000\040\000P\000e\000n\000g\000a\000m\000b\000i\000l\000a\000n\000\040\000S\000a\000m\000p\000e\000l}{subsection.3.2}% 40
\BOOKMARK [3][-]{subsubsection.3.2.3}{\376\377\000S\000a\000m\000p\000e\000l\000\040\000F\000i\000n\000a\000l\000\040\000P\000e\000n\000e\000l\000i\000t\000i\000a\000n}{subsection.3.2}% 41
\BOOKMARK [2][-]{subsection.3.3}{\376\377\000J\000e\000n\000i\000s\000,\000\040\000S\000u\000m\000b\000e\000r\000,\000\040\000d\000a\000n\000\040\000T\000e\000k\000n\000i\000k\000\040\000P\000e\000n\000g\000u\000m\000p\000u\000l\000a\000n\000\040\000D\000a\000t\000a}{subsubsection.2.5.4}% 42
\BOOKMARK [3][-]{subsubsection.3.3.1}{\376\377\000J\000e\000n\000i\000s\000\040\000D\000a\000t\000a}{subsection.3.3}% 43
\BOOKMARK [3][-]{subsubsection.3.3.2}{\376\377\000S\000u\000m\000b\000e\000r\000\040\000D\000a\000t\000a}{subsection.3.3}% 44
\BOOKMARK [3][-]{subsubsection.3.3.3}{\376\377\000T\000e\000k\000n\000i\000k\000\040\000P\000e\000n\000g\000u\000m\000p\000u\000l\000a\000n\000\040\000D\000a\000t\000a}{subsection.3.3}% 45
\BOOKMARK [2][-]{subsection.3.4}{\376\377\000O\000p\000e\000r\000a\000s\000i\000o\000n\000a\000l\000i\000s\000a\000s\000i\000\040\000V\000a\000r\000i\000a\000b\000e\000l}{subsubsection.2.5.4}% 46
\BOOKMARK [2][-]{subsection.3.5}{\376\377\000S\000p\000e\000s\000i\000f\000i\000k\000a\000s\000i\000\040\000M\000o\000d\000e\000l\000\040\000R\000e\000g\000r\000e\000s\000i\000\040\000D\000a\000t\000a\000\040\000P\000a\000n\000e\000l}{subsubsection.2.5.4}% 47
\BOOKMARK [2][-]{subsection.3.6}{\376\377\000T\000a\000h\000a\000p\000a\000n\000\040\000A\000n\000a\000l\000i\000s\000i\000s\000\040\000D\000a\000t\000a\000\040\000d\000a\000n\000\040\000U\000j\000i\000\040\000E\000k\000o\000n\000o\000m\000e\000t\000r\000i\000k\000a}{subsubsection.2.5.4}% 48
\BOOKMARK [3][-]{subsubsection.3.6.1}{\376\377\000A\000n\000a\000l\000i\000s\000i\000s\000\040\000S\000t\000a\000t\000i\000s\000t\000i\000k\000\040\000D\000e\000s\000k\000r\000i\000p\000t\000i\000f}{subsection.3.6}% 49
\BOOKMARK [3][-]{subsubsection.3.6.2}{\376\377\000U\000j\000i\000\040\000S\000t\000a\000s\000i\000o\000n\000e\000r\000i\000t\000a\000s\000\040\000/\000\040\000U\000n\000i\000t\000\040\000R\000o\000o\000t\000\040\000D\000a\000t\000a\000\040\000P\000a\000n\000e\000l}{subsection.3.6}% 50
\BOOKMARK [3][-]{subsubsection.3.6.3}{\376\377\000T\000e\000k\000n\000i\000k\000\040\000E\000s\000t\000i\000m\000a\000s\000i\000\040\000M\000o\000d\000e\000l\000\040\000R\000e\000g\000r\000e\000s\000i\000\040\000D\000a\000t\000a\000\040\000P\000a\000n\000e\000l}{subsection.3.6}% 51
\BOOKMARK [3][-]{subsubsection.3.6.4}{\376\377\000U\000j\000i\000\040\000P\000e\000m\000i\000l\000i\000h\000a\000n\000\040\000M\000o\000d\000e\000l\000\040\000R\000e\000g\000r\000e\000s\000i\000\040\000D\000a\000t\000a\000\040\000P\000a\000n\000e\000l}{subsection.3.6}% 52
\BOOKMARK [3][-]{subsubsection.3.6.5}{\376\377\000U\000j\000i\000\040\000A\000s\000u\000m\000s\000i\000\040\000K\000l\000a\000s\000i\000k\000\040\000E\000k\000o\000n\000o\000m\000e\000t\000r\000i\000k\000a\000\040\000\050\000B\000L\000U\000E\000\051}{subsection.3.6}% 53
\BOOKMARK [3][-]{subsubsection.3.6.6}{\376\377\000U\000j\000i\000\040\000K\000e\000l\000a\000y\000a\000k\000a\000n\000\040\000M\000o\000d\000e\000l\000\040\000d\000a\000n\000\040\000P\000e\000n\000g\000u\000j\000i\000a\000n\000\040\000H\000i\000p\000o\000t\000e\000s\000i\000s}{subsection.3.6}% 54
\BOOKMARK [3][-]{subsubsection.3.6.7}{\376\377\000S\000p\000e\000s\000i\000f\000i\000k\000a\000s\000i\000\040\000A\000l\000j\000a\000b\000a\000r\000\040\000M\000a\000t\000r\000i\000k\000s\000\040\000M\000o\000d\000e\000l\000\040\000R\000e\000g\000r\000e\000s\000i\000\040\000D\000a\000t\000a\000\040\000P\000a\000n\000e\000l}{subsection.3.6}% 55
\BOOKMARK [3][-]{subsubsection.3.6.8}{\376\377\000F\000o\000r\000m\000u\000l\000a\000s\000i\000\040\000S\000i\000n\000t\000a\000k\000s\000\040\000P\000e\000r\000i\000n\000t\000a\000h\000\040\000E\000V\000i\000e\000w\000s\000\040\000d\000a\000n\000\040\000A\000l\000u\000r\000\040\000K\000e\000r\000j\000a\000\040\000E\000s\000t\000i\000m\000a\000s\000i}{subsection.3.6}% 56
\BOOKMARK [1][-]{Item.97}{\376\377\000B\000A\000B\000\040\0004\000\040\000-\000\040\000A\000N\000A\000L\000I\000S\000I\000S\000\040\000D\000A\000N\000\040\000P\000E\000M\000B\000A\000H\000A\000S\000A\000N}{}% 57
\BOOKMARK [2][-]{subsection.4.1}{\376\377\000G\000a\000m\000b\000a\000r\000a\000n\000\040\000U\000m\000u\000m\000\040\000O\000b\000j\000e\000k\000\040\000P\000e\000n\000e\000l\000i\000t\000i\000a\000n}{Item.97}% 58
\BOOKMARK [3][-]{subsubsection.4.1.1}{\376\377\000P\000T\000\040\000B\000a\000n\000k\000\040\000R\000a\000k\000y\000a\000t\000\040\000I\000n\000d\000o\000n\000e\000s\000i\000a\000\040\000\050\000P\000e\000r\000s\000e\000r\000o\000\051\000\040\000T\000b\000k\000\040\000\050\000B\000B\000R\000I\000\051}{subsection.4.1}% 59
\BOOKMARK [3][-]{subsubsection.4.1.2}{\376\377\000P\000T\000\040\000B\000a\000n\000k\000\040\000M\000a\000n\000d\000i\000r\000i\000\040\000\050\000P\000e\000r\000s\000e\000r\000o\000\051\000\040\000T\000b\000k\000\040\000\050\000B\000M\000R\000I\000\051}{subsection.4.1}% 60
\BOOKMARK [3][-]{subsubsection.4.1.3}{\376\377\000P\000T\000\040\000B\000a\000n\000k\000\040\000C\000e\000n\000t\000r\000a\000l\000\040\000A\000s\000i\000a\000\040\000T\000b\000k\000\040\000\050\000B\000B\000C\000A\000\051}{subsection.4.1}% 61
\BOOKMARK [3][-]{subsubsection.4.1.4}{\376\377\000P\000T\000\040\000B\000a\000n\000k\000\040\000N\000e\000g\000a\000r\000a\000\040\000I\000n\000d\000o\000n\000e\000s\000i\000a\000\040\000\050\000P\000e\000r\000s\000e\000r\000o\000\051\000\040\000T\000b\000k\000\040\000\050\000B\000B\000N\000I\000\051}{subsection.4.1}% 62
\BOOKMARK [2][-]{subsection.4.2}{\376\377\000A\000n\000a\000l\000i\000s\000i\000s\000\040\000T\000r\000e\000n\000\040\000K\000u\000a\000r\000t\000a\000l\000a\000n\000\040\000d\000a\000n\000\040\000P\000r\000o\000f\000i\000l\000\040\000P\000e\000r\000b\000a\000n\000k\000a\000n\000\040\000K\000B\000M\000I\000\040\0004\000\040\000\050\0002\0000\0002\0001\040\023\0002\0000\0002\0005\000\051}{Item.97}% 63
\BOOKMARK [2][-]{subsection.4.3}{\376\377\000A\000n\000a\000l\000i\000s\000i\000s\000\040\000T\000r\000e\000n\000\040\000K\000u\000a\000r\000t\000a\000l\000a\000n\000\040\000d\000a\000n\000\040\000P\000r\000o\000f\000i\000l\000\040\000F\000i\000n\000a\000n\000s\000i\000a\000l\000\040\000P\000e\000r\000b\000a\000n\000k\000a\000n\000\040\000K\000B\000M\000I\000\040\0004\000\040\000\050\0002\0000\0002\0001\040\023\0002\0000\0002\0005\000\051}{Item.97}% 64
\BOOKMARK [3][-]{subsubsection.4.3.1}{\376\377\000P\000e\000r\000k\000e\000m\000b\000a\000n\000g\000a\000n\000\040\000P\000o\000r\000t\000o\000f\000o\000l\000i\000o\000\040\000d\000a\000n\000\040\000R\000a\000s\000i\000o\000\040\000K\000e\000u\000a\000n\000g\000a\000n\000\040\000P\000T\000\040\000B\000a\000n\000k\000\040\000R\000a\000k\000y\000a\000t\000\040\000I\000n\000d\000o\000n\000e\000s\000i\000a\000\040\000\050\000P\000e\000r\000s\000e\000r\000o\000\051\000\040\000T\000b\000k\000\040\000\050\000B\000B\000R\000I\000\051}{subsection.4.3}% 65
\BOOKMARK [3][-]{subsubsection.4.3.2}{\376\377\000P\000e\000r\000k\000e\000m\000b\000a\000n\000g\000a\000n\000\040\000P\000o\000r\000t\000o\000f\000o\000l\000i\000o\000\040\000d\000a\000n\000\040\000R\000a\000s\000i\000o\000\040\000K\000e\000u\000a\000n\000g\000a\000n\000\040\000P\000T\000\040\000B\000a\000n\000k\000\040\000M\000a\000n\000d\000i\000r\000i\000\040\000\050\000P\000e\000r\000s\000e\000r\000o\000\051\000\040\000T\000b\000k\000\040\000\050\000B\000M\000R\000I\000\051}{subsection.4.3}% 66
\BOOKMARK [3][-]{subsubsection.4.3.3}{\376\377\000P\000e\000r\000k\000e\000m\000b\000a\000n\000g\000a\000n\000\040\000P\000o\000r\000t\000o\000f\000o\000l\000i\000o\000\040\000d\000a\000n\000\040\000R\000a\000s\000i\000o\000\040\000K\000e\000u\000a\000n\000g\000a\000n\000\040\000P\000T\000\040\000B\000a\000n\000k\000\040\000C\000e\000n\000t\000r\000a\000l\000\040\000A\000s\000i\000a\000\040\000T\000b\000k\000\040\000\050\000B\000B\000C\000A\000\051}{subsection.4.3}% 67
\BOOKMARK [3][-]{subsubsection.4.3.4}{\376\377\000P\000e\000r\000k\000e\000m\000b\000a\000n\000g\000a\000n\000\040\000P\000o\000r\000t\000o\000f\000o\000l\000i\000o\000\040\000d\000a\000n\000\040\000R\000a\000s\000i\000o\000\040\000K\000e\000u\000a\000n\000g\000a\000n\000\040\000P\000T\000\040\000B\000a\000n\000k\000\040\000N\000e\000g\000a\000r\000a\000\040\000I\000n\000d\000o\000n\000e\000s\000i\000a\000\040\000\050\000P\000e\000r\000s\000e\000r\000o\000\051\000\040\000T\000b\000k\000\040\000\050\000B\000B\000N\000I\000\051}{subsection.4.3}% 68
\BOOKMARK [3][-]{subsubsection.4.3.5}{\376\377\000R\000a\000n\000g\000k\000u\000m\000a\000n\000\040\000R\000a\000t\000a\000-\000R\000a\000t\000a\000\040\000I\000n\000d\000u\000s\000t\000r\000i\000\040\000T\000r\000i\000w\000u\000l\000a\000n\000a\000n\000\040\000B\000a\000n\000k\000\040\000K\000B\000M\000I\000\040\0004}{subsection.4.3}% 69
\BOOKMARK [2][-]{subsection.4.4}{\376\377\000A\000n\000a\000l\000i\000s\000i\000s\000\040\000S\000t\000a\000t\000i\000s\000t\000i\000k\000\040\000D\000e\000s\000k\000r\000i\000p\000t\000i\000f}{Item.97}% 70
\BOOKMARK [2][-]{subsection.4.5}{\376\377\000H\000a\000s\000i\000l\000\040\000U\000j\000i\000\040\000S\000t\000a\000s\000i\000o\000n\000e\000r\000i\000t\000a\000s\000\040\000/\000\040\000U\000n\000i\000t\000\040\000R\000o\000o\000t\000\040\000D\000a\000t\000a\000\040\000P\000a\000n\000e\000l}{Item.97}% 71
\BOOKMARK [2][-]{subsection.4.6}{\376\377\000H\000a\000s\000i\000l\000\040\000U\000j\000i\000\040\000P\000e\000m\000i\000l\000i\000h\000a\000n\000\040\000M\000o\000d\000e\000l\000\040\000R\000e\000g\000r\000e\000s\000i\000\040\000D\000a\000t\000a\000\040\000P\000a\000n\000e\000l}{Item.97}% 72
\BOOKMARK [2][-]{subsection.4.7}{\376\377\000H\000a\000s\000i\000l\000\040\000U\000j\000i\000\040\000A\000s\000u\000m\000s\000i\000\040\000K\000l\000a\000s\000i\000k}{Item.97}% 73
\BOOKMARK [2][-]{subsection.4.8}{\376\377\000H\000a\000s\000i\000l\000\040\000U\000j\000i\000\040\000K\000o\000r\000e\000l\000a\000s\000i\000\040\000A\000n\000t\000a\000r\000v\000a\000r\000i\000a\000b\000e\000l\000\040\000P\000e\000n\000e\000l\000i\000t\000i\000a\000n}{Item.97}% 74
\BOOKMARK [2][-]{subsection.4.9}{\376\377\000P\000e\000r\000b\000a\000n\000d\000i\000n\000g\000a\000n\000\040\000H\000a\000s\000i\000l\000\040\000E\000s\000t\000i\000m\000a\000s\000i\000\040\000M\000o\000d\000e\000l\000\040\000R\000e\000g\000r\000e\000s\000i\000\040\000P\000a\000n\000e\000l\000\040\000\050\000C\000E\000M\000,\000\040\000F\000E\000M\000,\000\040\000R\000E\000M\000\051}{Item.97}% 75
\BOOKMARK [2][-]{subsection.4.10}{\376\377\000H\000a\000s\000i\000l\000\040\000E\000s\000t\000i\000m\000a\000s\000i\000\040\000R\000e\000g\000r\000e\000s\000i\000\040\000D\000a\000t\000a\000\040\000P\000a\000n\000e\000l\000\040\000\050\000F\000i\000x\000e\000d\000\040\000E\000f\000f\000e\000c\000t\000\040\000M\000o\000d\000e\000l\000\051}{Item.97}% 76
\BOOKMARK [2][-]{subsection.4.11}{\376\377\000P\000e\000n\000g\000u\000j\000i\000a\000n\000\040\000H\000i\000p\000o\000t\000e\000s\000i\000s\000\040\000P\000e\000n\000e\000l\000i\000t\000i\000a\000n}{Item.97}% 77
\BOOKMARK [3][-]{subsubsection.4.11.1}{\376\377\000P\000e\000n\000g\000u\000j\000i\000a\000n\000\040\000H\000i\000p\000o\000t\000e\000s\000i\000s\000\040\0001\000:\000\040\000P\000e\000n\000g\000a\000r\000u\000h\000\040\000G\000r\000e\000e\000n\000\040\000F\000i\000n\000a\000n\000c\000i\000n\000g\000\040\000t\000e\000r\000h\000a\000d\000a\000p\000\040\000R\000O\000A}{subsection.4.11}% 78
\BOOKMARK [3][-]{subsubsection.4.11.2}{\376\377\000P\000e\000n\000g\000u\000j\000i\000a\000n\000\040\000H\000i\000p\000o\000t\000e\000s\000i\000s\000\040\0002\000:\000\040\000P\000e\000n\000g\000a\000r\000u\000h\000\040\000N\000o\000n\000-\000P\000e\000r\000f\000o\000r\000m\000i\000n\000g\000\040\000L\000o\000a\000n\000\040\000\050\000N\000P\000L\000\051\000\040\000t\000e\000r\000h\000a\000d\000a\000p\000\040\000R\000O\000A}{subsection.4.11}% 79
\BOOKMARK [3][-]{subsubsection.4.11.3}{\376\377\000P\000e\000n\000g\000u\000j\000i\000a\000n\000\040\000H\000i\000p\000o\000t\000e\000s\000i\000s\000\040\0003\000:\000\040\000P\000e\000n\000g\000a\000r\000u\000h\000\040\000C\000a\000p\000i\000t\000a\000l\000\040\000A\000d\000e\000q\000u\000a\000c\000y\000\040\000R\000a\000t\000i\000o\000\040\000\050\000C\000A\000R\000\051\000\040\000t\000e\000r\000h\000a\000d\000a\000p\000\040\000R\000O\000A}{subsection.4.11}% 80
\BOOKMARK [3][-]{subsubsection.4.11.4}{\376\377\000P\000e\000n\000g\000u\000j\000i\000a\000n\000\040\000H\000i\000p\000o\000t\000e\000s\000i\000s\000\040\0004\000:\000\040\000P\000e\000n\000g\000a\000r\000u\000h\000\040\000S\000i\000m\000u\000l\000t\000a\000n\000\040\000t\000e\000r\000h\000a\000d\000a\000p\000\040\000R\000O\000A}{subsection.4.11}% 81
\BOOKMARK [3][-]{subsubsection.4.11.5}{\376\377\000K\000o\000e\000f\000i\000s\000i\000e\000n\000\040\000D\000e\000t\000e\000r\000m\000i\000n\000a\000s\000i\000\040\000\050\000A\000d\000j\000u\000s\000t\000e\000d\000\040\000R\000-\000S\000q\000u\000a\000r\000e\000d\000\051}{subsection.4.11}% 82
\BOOKMARK [2][-]{subsection.4.12}{\376\377\000P\000e\000m\000b\000a\000h\000a\000s\000a\000n\000\040\000H\000a\000s\000i\000l\000\040\000P\000e\000n\000e\000l\000i\000t\000i\000a\000n}{Item.97}% 83
\BOOKMARK [3][-]{subsubsection.4.12.1}{\376\377\000P\000e\000m\000b\000a\000h\000a\000s\000a\000n\000\040\000P\000e\000n\000g\000a\000r\000u\000h\000\040\000G\000r\000e\000e\000n\000\040\000F\000i\000n\000a\000n\000c\000i\000n\000g\000\040\000t\000e\000r\000h\000a\000d\000a\000p\000\040\000R\000O\000A\000\040\000\050\000H\0001\000\040\000D\000i\000t\000e\000r\000i\000m\000a\000\051}{subsection.4.12}% 84
\BOOKMARK [3][-]{subsubsection.4.12.2}{\376\377\000P\000e\000m\000b\000a\000h\000a\000s\000a\000n\000\040\000P\000e\000n\000g\000a\000r\000u\000h\000\040\000N\000P\000L\000\040\000t\000e\000r\000h\000a\000d\000a\000p\000\040\000R\000O\000A\000\040\000\050\000H\0002\000\040\000D\000i\000t\000e\000r\000i\000m\000a\000\051}{subsection.4.12}% 85
\BOOKMARK [3][-]{subsubsection.4.12.3}{\376\377\000P\000e\000m\000b\000a\000h\000a\000s\000a\000n\000\040\000P\000e\000n\000g\000a\000r\000u\000h\000\040\000C\000A\000R\000\040\000t\000e\000r\000h\000a\000d\000a\000p\000\040\000R\000O\000A\000\040\000\050\000H\0003\000\040\000D\000i\000t\000e\000r\000i\000m\000a\000\051}{subsection.4.12}% 86
\BOOKMARK [3][-]{subsubsection.4.12.4}{\376\377\000P\000e\000m\000b\000a\000h\000a\000s\000a\000n\000\040\000P\000e\000n\000g\000a\000r\000u\000h\000\040\000S\000i\000m\000u\000l\000t\000a\000n\000\040\000t\000e\000r\000h\000a\000d\000a\000p\000\040\000R\000O\000A\000\040\000\050\000H\0004\000\040\000D\000i\000t\000e\000r\000i\000m\000a\000\051}{subsection.4.12}% 87
\BOOKMARK [3][-]{subsubsection.4.12.5}{\376\377\000A\000n\000a\000l\000i\000s\000i\000s\000\040\000S\000e\000n\000s\000i\000t\000i\000v\000i\000t\000a\000s\000\040\000d\000a\000n\000\040\000E\000l\000a\000s\000t\000i\000s\000i\000t\000a\000s\000\040\000P\000a\000r\000s\000i\000a\000l\000\040\000R\000O\000A\000\040\000t\000e\000r\000h\000a\000d\000a\000p\000\040\000V\000a\000r\000i\000a\000b\000e\000l\000\040\000I\000n\000d\000e\000p\000e\000n\000d\000e\000n}{subsection.4.12}% 88
\BOOKMARK [3][-]{subsubsection.4.12.6}{\376\377\000E\000v\000a\000l\000u\000a\000s\000i\000\040\000K\000e\000t\000a\000h\000a\000n\000a\000n\000\040\000P\000e\000r\000b\000a\000n\000k\000a\000n\000\040\000K\000B\000M\000I\000\040\0004\000\040\000M\000e\000n\000g\000h\000a\000d\000a\000p\000i\000\040\000V\000o\000l\000a\000t\000i\000l\000i\000t\000a\000s\000\040\000M\000a\000k\000r\000o\000e\000k\000o\000n\000o\000m\000i}{subsection.4.12}% 89
\BOOKMARK [3][-]{subsubsection.4.12.7}{\376\377\000A\000n\000a\000l\000i\000s\000i\000s\000\040\000K\000e\000u\000n\000g\000g\000u\000l\000a\000n\000\040\000B\000e\000r\000s\000a\000i\000n\000g\000\040\000B\000e\000r\000k\000e\000l\000a\000n\000j\000u\000t\000a\000n\000\040\000A\000n\000t\000a\000r\000-\000E\000n\000t\000i\000t\000a\000s\000\040\000B\000a\000n\000k\000\040\000K\000B\000M\000I\000\040\0004}{subsection.4.12}% 90
\BOOKMARK [2][-]{subsection.4.13}{\376\377\000I\000m\000p\000l\000i\000k\000a\000s\000i\000\040\000H\000a\000s\000i\000l\000\040\000P\000e\000n\000e\000l\000i\000t\000i\000a\000n}{Item.97}% 91
\BOOKMARK [3][-]{subsubsection.4.13.1}{\376\377\000I\000m\000p\000l\000i\000k\000a\000s\000i\000\040\000T\000e\000o\000r\000e\000t\000i\000s}{subsection.4.13}% 92
\BOOKMARK [3][-]{subsubsection.4.13.2}{\376\377\000I\000m\000p\000l\000i\000k\000a\000s\000i\000\040\000M\000a\000n\000a\000j\000e\000r\000i\000a\000l\000\040\000b\000a\000g\000i\000\040\000P\000e\000r\000b\000a\000n\000k\000a\000n\000\040\000K\000B\000M\000I\000\040\0004}{subsection.4.13}% 93
\BOOKMARK [3][-]{subsubsection.4.13.3}{\376\377\000I\000m\000p\000l\000i\000k\000a\000s\000i\000\040\000K\000e\000b\000i\000j\000a\000k\000a\000n\000\040\000R\000e\000g\000u\000l\000a\000t\000o\000r\000\040\000\050\000O\000J\000K\000\040\000d\000a\000n\000\040\000B\000a\000n\000k\000\040\000I\000n\000d\000o\000n\000e\000s\000i\000a\000\051}{subsection.4.13}% 94
\BOOKMARK [1][-]{Item.125}{\376\377\000B\000A\000B\000\040\0005\000\040\000-\000\040\000P\000E\000N\000U\000T\000U\000P}{}% 95
\BOOKMARK [2][-]{subsection.5.1}{\376\377\000K\000e\000s\000i\000m\000p\000u\000l\000a\000n}{Item.125}% 96
\BOOKMARK [2][-]{subsection.5.2}{\376\377\000K\000e\000t\000e\000r\000b\000a\000t\000a\000s\000a\000n\000\040\000P\000e\000n\000e\000l\000i\000t\000i\000a\000n}{Item.125}% 97
\BOOKMARK [2][-]{subsection.5.3}{\376\377\000S\000a\000r\000a\000n}{Item.125}% 98
\BOOKMARK [3][-]{subsubsection.5.3.1}{\376\377\000S\000a\000r\000a\000n\000\040\000P\000r\000a\000k\000t\000i\000s\000\040\000b\000a\000g\000i\000\040\000M\000a\000n\000a\000j\000e\000m\000e\000n\000\040\000B\000a\000n\000k\000\040\000K\000B\000M\000I\000\040\0004}{subsection.5.3}% 99
\BOOKMARK [3][-]{subsubsection.5.3.2}{\376\377\000S\000a\000r\000a\000n\000\040\000K\000e\000b\000i\000j\000a\000k\000a\000n\000\040\000b\000a\000g\000i\000\040\000R\000e\000g\000u\000l\000a\000t\000o\000r\000\040\000\050\000O\000t\000o\000r\000i\000t\000a\000s\000\040\000J\000a\000s\000a\000\040\000K\000e\000u\000a\000n\000g\000a\000n\000\040\000\046\000\040\000B\000a\000n\000k\000\040\000I\000n\000d\000o\000n\000e\000s\000i\000a\000\051}{subsection.5.3}% 100
\BOOKMARK [3][-]{subsubsection.5.3.3}{\376\377\000S\000a\000r\000a\000n\000\040\000A\000k\000a\000d\000e\000m\000i\000s\000\040\000b\000a\000g\000i\000\040\000P\000e\000n\000e\000l\000i\000t\000i\000\040\000S\000e\000l\000a\000n\000j\000u\000t\000n\000y\000a}{subsection.5.3}% 101
\BOOKMARK [3][-]{subsubsection.5.3.4}{\376\377\000P\000e\000t\000a\000\040\000J\000a\000l\000a\000n\000\040\000I\000m\000p\000l\000e\000m\000e\000n\000t\000a\000s\000i\000\040\000S\000t\000r\000a\000t\000e\000g\000i\000s\000\040\000P\000e\000r\000b\000a\000n\000k\000a\000n\000\040\000B\000e\000r\000k\000e\000l\000a\000n\000j\000u\000t\000a\000n\000\040\000\050\0002\0000\0002\0006\040\023\0002\0000\0003\0000\000\051}{subsection.5.3}% 102
\BOOKMARK [2][-]{subsection.5.4}{\376\377\000M\000a\000t\000r\000i\000k\000s\000\040\000P\000r\000o\000g\000r\000a\000m\000\040\000A\000k\000s\000i\000\040\000P\000e\000r\000b\000a\000n\000k\000a\000n\000\040\000K\000B\000M\000I\000\040\0004\000\040\000B\000e\000r\000k\000e\000l\000a\000n\000j\000u\000t\000a\000n}{Item.125}% 103
\BOOKMARK [1][-]{table.caption.25}{\376\377\000D\000A\000F\000T\000A\000R\000\040\000P\000U\000S\000T\000A\000K\000A}{}% 104
\BOOKMARK [1][-]{table.caption.25}{\376\377\000L\000A\000M\000P\000I\000R\000A\000N}{}% 105
